../Core/Src/main.c:127:5:main	32	static
../Core/Src/main.c:257:6:SystemClock_Config	88	static
../Core/Src/main.c:304:13:MX_I2C1_Init	8	static
../Core/Src/main.c:338:13:MX_TIM1_Init	32	static
../Core/Src/main.c:384:13:MX_TIM2_Init	32	static
../Core/Src/main.c:429:13:MX_TIM3_Init	64	static
../Core/Src/main.c:500:13:MX_TIM4_Init	48	static
../Core/Src/main.c:553:13:MX_USB_PCD_Init	8	static
../Core/Src/main.c:584:13:MX_GPIO_Init	40	static
../Core/Src/main.c:646:7:HAL_TIM_PeriodElapsedCallback	32	static
../Core/Src/main.c:740:6:Error_Handler	4	static,ignoring_inline_asm
