../Core/Src/main.c:121:5:main	24	static
../Core/Src/main.c:192:6:SystemClock_Config	88	static
../Core/Src/main.c:239:13:MX_I2C1_Init	8	static
../Core/Src/main.c:273:13:MX_TIM1_Init	32	static
../Core/Src/main.c:319:13:MX_TIM2_Init	32	static
../Core/Src/main.c:364:13:MX_TIM3_Init	64	static
../Core/Src/main.c:435:13:MX_TIM4_Init	48	static
../Core/Src/main.c:488:13:MX_USB_PCD_Init	8	static
../Core/Src/main.c:519:13:MX_GPIO_Init	40	static
../Core/Src/main.c:581:7:HAL_TIM_PeriodElapsedCallback	32	static
../Core/Src/main.c:672:6:Error_Handler	4	static,ignoring_inline_asm
