../Core/Src/stm32f1xx_it.c:72:6:NMI_Handler	4	static
../Core/Src/stm32f1xx_it.c:87:6:HardFault_Handler	4	static
../Core/Src/stm32f1xx_it.c:102:6:MemManage_Handler	4	static
../Core/Src/stm32f1xx_it.c:117:6:BusFault_Handler	4	static
../Core/Src/stm32f1xx_it.c:132:6:UsageFault_Handler	4	static
../Core/Src/stm32f1xx_it.c:147:6:SVC_Handler	4	static
../Core/Src/stm32f1xx_it.c:160:6:DebugMon_Handler	4	static
../Core/Src/stm32f1xx_it.c:173:6:PendSV_Handler	4	static
../Core/Src/stm32f1xx_it.c:186:6:SysTick_Handler	8	static
../Core/Src/stm32f1xx_it.c:207:6:EXTI0_IRQHandler	8	static
../Core/Src/stm32f1xx_it.c:240:6:EXTI1_IRQHandler	8	static
../Core/Src/stm32f1xx_it.c:254:6:EXTI2_IRQHandler	8	static
../Core/Src/stm32f1xx_it.c:268:6:EXTI3_IRQHandler	8	static
../Core/Src/stm32f1xx_it.c:282:6:EXTI4_IRQHandler	8	static
../Core/Src/stm32f1xx_it.c:296:6:EXTI9_5_IRQHandler	8	static
../Core/Src/stm32f1xx_it.c:310:6:TIM1_CC_IRQHandler	8	static
../Core/Src/stm32f1xx_it.c:324:6:TIM2_IRQHandler	8	static
../Core/Src/stm32f1xx_it.c:338:6:TIM3_IRQHandler	8	static
../Core/Src/stm32f1xx_it.c:352:6:EXTI15_10_IRQHandler	8	static
